// Jest Snapshot v1, https://goo.gl/fbAQLP

exports[`createDrawerNavigator renders successfully 1`] = `
<RCTView
  drawerBackgroundColor="white"
  drawerLockMode={undefined}
  drawerPosition="left"
  drawerType="front"
  drawerWidth={320}
  edgeWidth={undefined}
  gestureRef={
    Object {
      "current": null,
    }
  }
  hideStatusBar={false}
  minSwipeDistance={undefined}
  onDrawerClose={[Function]}
  onDrawerOpen={[Function]}
  onDrawerStateChanged={[Function]}
  overlayColor="black"
  renderNavigationView={[Function]}
  statusBarAnimation="slide"
  useNativeAnimations={true}
>
  <View
    style={
      Object {
        "flex": 1,
      }
    }
  />
</RCTView>
`;
